[dotenv@17.3.1] injecting env (16) from .env -- tip: ΓÜÖ∩╕Å  enable debug logging with { debug: true }
node : Test Error: 
MongooseError: The `uri` 
parameter to `openUri()` 
must be a string, got 
"undefined". Make sure 
the first parameter to 
`mongoose.connect()` or `m
ongoose.createConnection()
` is a string.
At line:1 char:1
+ node 
scripts/test_recycling.js 
> test_output.txt 2>&1
+ ~~~~~~~~~~~~~~~~~~~~~~~~
~~~~~~~~~~~~~~~~~~~~~~~~~~
~~~
    + CategoryInfo        
      : NotSpecified: (T  
  est Error: Mon...)` i   
 s a string.:String) [    
], RemoteException
    + FullyQualifiedError 
   Id : NativeCommandErr  
  or
 
    at NativeConnection.cr
eateClient (D:\10Sight 
Technologies\10Sight 
Technologies\Auto Posting\
server\node_modules\mongoo
se\lib\drivers\node-mongod
b-native\connection.js:230
:11)
    at 
NativeConnection.openUri 
(D:\10Sight 
Technologies\10Sight 
Technologies\Auto Posting\
server\node_modules\mongoo
se\lib\connection.js:1075:
34)
    at Mongoose.connect 
(D:\10Sight 
Technologies\10Sight 
Technologies\Auto Posting\
server\node_modules\mongoo
se\lib\mongoose.js:469:15)
    at runTest (file:///D:
/10Sight%20Technologies/10
Sight%20Technologies/Auto%
20Posting/server/scripts/t
est_recycling.js:18:24)
    at file:///D:/10Sight%
20Technologies/10Sight%20T
echnologies/Auto%20Posting
/server/scripts/test_recyc
ling.js:84:1
    at ModuleJob.run (node
:internal/modules/esm/modu
le_job:345:25)
    at async onImport.trac
ePromise.__proto__ (node:i
nternal/modules/esm/loader
:665:26)
    at async asyncRunEntry
PointWithESMLoader (node:i
nternal/modules/run_main:1
17:5)
